= Database structure report
Automatically generated by Celesta
:!linkcss:
:encoding: UTF-8
:scheme: Scheme:
:table: Table:
:table-in-th: Table
:field: Field
:key: Key field
:specification: Specification
:description: Description
:key-icon: {nbsp}(key)
:foreign-keys: Foreign keys
:is-referenced: Is referenced by
:openq: "
:closeq: "
:fkey-cols-spec: 1,1
:field-cols-specs: 1,1,2

//tag::generated_from_celesta_sql[]
[discrete]
== {scheme} {openq}security{closeq}
//tag::celestareporter_s_security[]

    
[[celestareporter_t_security_email]]
[discrete]
=== {table} {openq}email{closeq}
//tag::celestareporter_t_security_email[]

    

[options="header", cols="{field-cols-specs}"]
|====
^.^|{field} ^.^|{specification} ^.^|{description}
    

|email{key-icon} |VARCHAR(255) NOT NULL |
    

|verification_code |VARCHAR(16) NOT NULL |
    

|code_sent |DATETIME |
    

|verified |BIT NOT NULL DEFAULT 'FALSE' |
    

|attempts_left |INT NOT NULL DEFAULT 5 |
    

|====
    

//tag::is_referenced[]
[discrete]
==== {is-referenced}
    

* <<celestareporter_t_security_user,security.user>>
    

//end::is_referenced[]
    

//end::celestareporter_t_security_email[]
    
[[celestareporter_t_security_user]]
[discrete]
=== {table} {openq}user{closeq}
//tag::celestareporter_t_security_user[]

    

[options="header", cols="{field-cols-specs}"]
|====
^.^|{field} ^.^|{specification} ^.^|{description}
    

|username{key-icon} |VARCHAR(255) NOT NULL |
    

|password |VARCHAR(127) NOT NULL |
    

|is_active |BIT NOT NULL DEFAULT 'TRUE' |
    

|email |VARCHAR(255) |
    

|admin |BIT NOT NULL DEFAULT 'FALSE' |
    

|operator |BIT NOT NULL DEFAULT 'FALSE' |
    

|====
    

//tag::is_referenced[]
[discrete]
==== {is-referenced}
    

* <<celestareporter_t_security_SecurityLog,security.SecurityLog>>
    

//end::is_referenced[]
    

//tag::references[]
[discrete]
==== {foreign-keys}
[options="header", cols="{fkey-cols-spec}"]
|====
^.^|{key} ^.^|{table-in-th}
    

| *email*:email


|<<celestareporter_t_security_email, security.email>>
    
|====
//end::references[]
    

//end::celestareporter_t_security_user[]
    
[[celestareporter_t_security_SecurityLog]]
[discrete]
=== {table} {openq}SecurityLog{closeq}
//tag::celestareporter_t_security_SecurityLog[]

    

[options="header", cols="{field-cols-specs}"]
|====
^.^|{field} ^.^|{specification} ^.^|{description}
    

|id{key-icon} |INT NOT NULL |
    

|username |VARCHAR(255) NOT NULL |
    

|timestamp |DATETIME NOT NULL DEFAULT GETDATE() |
    

|description |VARCHAR(255) NOT NULL |
    

|entity_type |VARCHAR(255) NOT NULL |
    

|entity_id |INT NOT NULL |
    

|affiliate_id |INT |
    

|duration_ms |INT NOT NULL |
    

|====
    

//tag::references[]
[discrete]
==== {foreign-keys}
[options="header", cols="{fkey-cols-spec}"]
|====
^.^|{key} ^.^|{table-in-th}
    

| *username*:username


|<<celestareporter_t_security_user, security.user>>
    
|====
//end::references[]
    

//end::celestareporter_t_security_SecurityLog[]
    

//end::celestareporter_s_security[]
//end::generated_from_celesta_sql[]
    

//tag::generated_from_celesta_sql[]
[discrete]
== {scheme} {openq}foo{closeq}
//tag::celestareporter_s_foo[]

    
[[celestareporter_t_foo_plan]]
[discrete]
=== {table} {openq}plan{closeq}
//tag::celestareporter_t_foo_plan[]

    

[options="header", cols="{field-cols-specs}"]
|====
^.^|{field} ^.^|{specification} ^.^|{description}
    

|id{key-icon} |INT NOT NULL |
    

|point |VARCHAR(30) |
    

|====
    

//end::celestareporter_t_foo_plan[]
    

//end::celestareporter_s_foo[]
//end::generated_from_celesta_sql[]
    
--------------
@startuml
!include 
class email [[celestareporter_t_security_email]] {
- email
verification_code
code_sent
verified
attempts_left
}
class user [[celestareporter_t_security_user]] {
- username
password
is_active
email
admin
operator
}
user "*" -- "1" email
class SecurityLog [[celestareporter_t_security_SecurityLog]] {
- id
username
timestamp
description
entity_type
entity_id
affiliate_id
duration_ms
}
SecurityLog "*" -- "1" user
@enduml
class plan [[celestareporter_t_foo_plan]] {
- id
point
}
@enduml